MemTotal:        1020448 kB
MemFree:          303696 kB
MemAvailable:     782152 kB
Buffers:           36156 kB
Cached:           549888 kB
SwapCached:            0 kB
Active:           228296 kB
Inactive:         417632 kB
Active(anon):      60076 kB
Inactive(anon):     2804 kB
Active(file):     168220 kB
Inactive(file):   414828 kB
Unevictable:           0 kB
Mlocked:               0 kB
SwapTotal:       1046524 kB
SwapFree:        1046524 kB
Dirty:                 0 kB
Writeback:             0 kB
AnonPages:         59880 kB
Mapped:            31972 kB
Shmem:              3000 kB
Slab:              56748 kB
SReclaimable:      46256 kB
SUnreclaim:        10492 kB
KernelStack:        1328 kB
PageTables:         2816 kB
NFS_Unstable:          0 kB
Bounce:                0 kB
WritebackTmp:          0 kB
CommitLimit:     1556748 kB
Committed_AS:     180572 kB
VmallocTotal:   34359738367 kB
VmallocUsed:           0 kB
VmallocChunk:          0 kB
HardwareCorrupted:     0 kB
AnonHugePages:      8192 kB
ShmemHugePages:        0 kB
ShmemPmdMapped:        0 kB
HugePages_Total:       0
HugePages_Free:        0
HugePages_Rsvd:        0
HugePages_Surp:        0
Hugepagesize:       2048 kB
DirectMap4k:       47040 kB
DirectMap2M:     1001472 kB
