MemTotal:        1020448 kB
MemFree:          831924 kB
MemAvailable:     815852 kB
Buffers:           15700 kB
Cached:            80716 kB
SwapCached:            0 kB
Active:           111852 kB
Inactive:          38576 kB
Active(anon):      54200 kB
Inactive(anon):     1528 kB
Active(file):      57652 kB
Inactive(file):    37048 kB
Unevictable:           0 kB
Mlocked:               0 kB
SwapTotal:       1046524 kB
SwapFree:        1046524 kB
Dirty:                12 kB
Writeback:             0 kB
AnonPages:         54008 kB
Mapped:            30416 kB
Shmem:              1720 kB
Slab:              25048 kB
SReclaimable:      15964 kB
SUnreclaim:         9084 kB
KernelStack:        1232 kB
PageTables:         2348 kB
NFS_Unstable:          0 kB
Bounce:                0 kB
WritebackTmp:          0 kB
CommitLimit:     1556748 kB
Committed_AS:     139604 kB
VmallocTotal:   34359738367 kB
VmallocUsed:           0 kB
VmallocChunk:          0 kB
HardwareCorrupted:     0 kB
AnonHugePages:      8192 kB
ShmemHugePages:        0 kB
ShmemPmdMapped:        0 kB
HugePages_Total:       0
HugePages_Free:        0
HugePages_Rsvd:        0
HugePages_Surp:        0
Hugepagesize:       2048 kB
DirectMap4k:       44992 kB
DirectMap2M:     1003520 kB
