MemTotal:        1020448 kB
MemFree:          799188 kB
MemAvailable:     806876 kB
Buffers:           16700 kB
Cached:           112352 kB
SwapCached:            0 kB
Active:           121204 kB
Inactive:          61916 kB
Active(anon):      54256 kB
Inactive(anon):     1528 kB
Active(file):      66948 kB
Inactive(file):    60388 kB
Unevictable:           0 kB
Mlocked:               0 kB
SwapTotal:       1046524 kB
SwapFree:        1046524 kB
Dirty:                20 kB
Writeback:             4 kB
AnonPages:         54064 kB
Mapped:            30220 kB
Shmem:              1720 kB
Slab:              25120 kB
SReclaimable:      16144 kB
SUnreclaim:         8976 kB
KernelStack:        1232 kB
PageTables:         2352 kB
NFS_Unstable:          0 kB
Bounce:                0 kB
WritebackTmp:          0 kB
CommitLimit:     1556748 kB
Committed_AS:     123224 kB
VmallocTotal:   34359738367 kB
VmallocUsed:           0 kB
VmallocChunk:          0 kB
HardwareCorrupted:     0 kB
AnonHugePages:      8192 kB
ShmemHugePages:        0 kB
ShmemPmdMapped:        0 kB
HugePages_Total:       0
HugePages_Free:        0
HugePages_Rsvd:        0
HugePages_Surp:        0
Hugepagesize:       2048 kB
DirectMap4k:       44992 kB
DirectMap2M:     1003520 kB
