MemTotal:        1020448 kB
MemFree:          799360 kB
MemAvailable:     802244 kB
Buffers:           15892 kB
Cached:           108308 kB
SwapCached:            0 kB
Active:           146276 kB
Inactive:          35708 kB
Active(anon):      57972 kB
Inactive(anon):     1536 kB
Active(file):      88304 kB
Inactive(file):    34172 kB
Unevictable:           0 kB
Mlocked:               0 kB
SwapTotal:       1046524 kB
SwapFree:        1046524 kB
Dirty:                16 kB
Writeback:             0 kB
AnonPages:         57780 kB
Mapped:            31880 kB
Shmem:              1728 kB
Slab:              25408 kB
SReclaimable:      16252 kB
SUnreclaim:         9156 kB
KernelStack:        1280 kB
PageTables:         2868 kB
NFS_Unstable:          0 kB
Bounce:                0 kB
WritebackTmp:          0 kB
CommitLimit:     1556748 kB
Committed_AS:     131352 kB
VmallocTotal:   34359738367 kB
VmallocUsed:           0 kB
VmallocChunk:          0 kB
HardwareCorrupted:     0 kB
AnonHugePages:      8192 kB
ShmemHugePages:        0 kB
ShmemPmdMapped:        0 kB
HugePages_Total:       0
HugePages_Free:        0
HugePages_Rsvd:        0
HugePages_Surp:        0
Hugepagesize:       2048 kB
DirectMap4k:       47040 kB
DirectMap2M:     1001472 kB
