MemTotal:        1020448 kB
MemFree:          308752 kB
MemAvailable:     784896 kB
Buffers:           35420 kB
Cached:           548624 kB
SwapCached:            0 kB
Active:           224656 kB
Inactive:         417844 kB
Active(anon):      58648 kB
Inactive(anon):     2796 kB
Active(file):     166008 kB
Inactive(file):   415048 kB
Unevictable:           0 kB
Mlocked:               0 kB
SwapTotal:       1046524 kB
SwapFree:        1046524 kB
Dirty:                 0 kB
Writeback:             4 kB
AnonPages:         58452 kB
Mapped:            31560 kB
Shmem:              2992 kB
Slab:              55580 kB
SReclaimable:      45612 kB
SUnreclaim:         9968 kB
KernelStack:        1264 kB
PageTables:         2568 kB
NFS_Unstable:          0 kB
Bounce:                0 kB
WritebackTmp:          0 kB
CommitLimit:     1556748 kB
Committed_AS:     154668 kB
VmallocTotal:   34359738367 kB
VmallocUsed:           0 kB
VmallocChunk:          0 kB
HardwareCorrupted:     0 kB
AnonHugePages:      8192 kB
ShmemHugePages:        0 kB
ShmemPmdMapped:        0 kB
HugePages_Total:       0
HugePages_Free:        0
HugePages_Rsvd:        0
HugePages_Surp:        0
Hugepagesize:       2048 kB
DirectMap4k:       47040 kB
DirectMap2M:     1001472 kB
