MemTotal:        1020448 kB
MemFree:          823384 kB
MemAvailable:     810568 kB
Buffers:           16168 kB
Cached:            86592 kB
SwapCached:            0 kB
Active:           122232 kB
Inactive:          36584 kB
Active(anon):      56244 kB
Inactive(anon):     1528 kB
Active(file):      65988 kB
Inactive(file):    35056 kB
Unevictable:           0 kB
Mlocked:               0 kB
SwapTotal:       1046524 kB
SwapFree:        1046524 kB
Dirty:                84 kB
Writeback:             0 kB
AnonPages:         56052 kB
Mapped:            30964 kB
Shmem:              1720 kB
Slab:              25168 kB
SReclaimable:      16132 kB
SUnreclaim:         9036 kB
KernelStack:        1232 kB
PageTables:         2404 kB
NFS_Unstable:          0 kB
Bounce:                0 kB
WritebackTmp:          0 kB
CommitLimit:     1556748 kB
Committed_AS:     126356 kB
VmallocTotal:   34359738367 kB
VmallocUsed:           0 kB
VmallocChunk:          0 kB
HardwareCorrupted:     0 kB
AnonHugePages:      8192 kB
ShmemHugePages:        0 kB
ShmemPmdMapped:        0 kB
HugePages_Total:       0
HugePages_Free:        0
HugePages_Rsvd:        0
HugePages_Surp:        0
Hugepagesize:       2048 kB
DirectMap4k:       47040 kB
DirectMap2M:     1001472 kB
