MemTotal:        1020448 kB
MemFree:          830724 kB
MemAvailable:     815340 kB
Buffers:           15984 kB
Cached:            81820 kB
SwapCached:            0 kB
Active:           117092 kB
Inactive:          34772 kB
Active(anon):      54248 kB
Inactive(anon):     1528 kB
Active(file):      62844 kB
Inactive(file):    33244 kB
Unevictable:           0 kB
Mlocked:               0 kB
SwapTotal:       1046524 kB
SwapFree:        1046524 kB
Dirty:                12 kB
Writeback:             0 kB
AnonPages:         54056 kB
Mapped:            30376 kB
Shmem:              1720 kB
Slab:              24888 kB
SReclaimable:      15960 kB
SUnreclaim:         8928 kB
KernelStack:        1216 kB
PageTables:         2356 kB
NFS_Unstable:          0 kB
Bounce:                0 kB
WritebackTmp:          0 kB
CommitLimit:     1556748 kB
Committed_AS:     123224 kB
VmallocTotal:   34359738367 kB
VmallocUsed:           0 kB
VmallocChunk:          0 kB
HardwareCorrupted:     0 kB
AnonHugePages:      8192 kB
ShmemHugePages:        0 kB
ShmemPmdMapped:        0 kB
HugePages_Total:       0
HugePages_Free:        0
HugePages_Rsvd:        0
HugePages_Surp:        0
Hugepagesize:       2048 kB
DirectMap4k:       47040 kB
DirectMap2M:     1001472 kB
